ABEL
ABELARDO
ABELINA
ABRAM
ACISLO
ADAN
ADELA
ADELAIDA
ADELFINA
ADELINA
ADELITA
ADOLFINA
ADOLFO
ADRIAN
ADRIANA
AGAPITO
AGRIPINO
AGUSTÍN
AGUSTINA
AHUÍZOTL
AIDA
AINHOA
AITOR
ALBERTA
ALBERTO
ALCIDES
ALDO
ALEJANDRA
ALEJANDRO
ALEX
ALFONSO
ALFREDO
ALICIA
ALIDA
ALMA
ALONSO
ALTAGRACIA
ALTAMIRA
ÁLVARO
ALVINA
AMADA
AMADO
AMADOR
AMALIA
AMANDA
AMBROSIO
AMELIA
AMPARO
ANA
ANABEL
ANACLETA
ANACLETO
ANASTACIA
ANASTACIO
ANDREA
ANDRÉS
ANEL
ANGEL
ANGELA
ANGELICA
ANGELINA
ANGELITA
ANGELO
ANICETO
ANITA
ANSELMO
ANTONIA
ANTONIETA
ANTONINA
ANTONIO
APOLINARIA
APOLINARIO
APOLONIO
AQUILINA
ARACELI
ARCELIA
ARELI
ARIEL
ARMANDO
ARNULFO
ARQUELES
ARTEMIO
ARTURO
ASUNCIÓN
ATANACIA
ATANACIO
ATENEDORO
AUDENCIO
AURELIA
AURELIANO
AURELIO
AURORA
AZUCENA
BACILIO
BALBINA
BALDOMERO
BALDUINO
BALTASAR
BARBARA
BÁRBARA
BARRY
BARTOLOMÉ
BARUC
BARUCH
BASILIA
BASILIO
BAUDELIA
BAUDELIO
BAUTISTA
BEATO
BEA
BEATRIZ
BEGOÑA
BELEN
BELÉN
BELINDA
BELISA
BELISARIO
BELLA
BELTRÁN
BENANCIA
BENIGNO
BENILDA
BENITA
BENITO
BENJAMÍN
BERENICE
BERNABÉ
BERNARDINA
BERNARDINO
BERNARDO
BERTA
BETINA
BETO
BETSABÉ
BEVERLY
BIBIANA
BLANCA
BLAS
BOLIVAR
BONIFACIA
BONIFACIO
BORIS
BRANDON
BRAULIA
BRAULIO
BRENDA
BRIGITTE
BRISEIDA
BRUNO
BRYAN
CALIXTO
CAMELIA
CAMILA
CAMILO
CANDELARIA
CANDELARIO
CANDIDA
CÁNDIDA
CÁNDIDO
CANUTA
CANUTO
CARIDAD
CARINA
CARLA
CARLOS
CARLOTA
CARMELA
CARMELO
CARMEN
CAROLINA
CASANDRA
CASILDA
CASIMIRA
CASTAÑO
CÁSTULO
CATALINA
CATARINA
CATARINO
CAYETANA
CAYETANO
CECI
CECILIA
CELESTE
CELESTINA
CELESTINO
CELIA
CELINA
CELMA
CELSO
CENOBIO
CÉSAR
CESÁREO
CHALINO
CHAMANEC
CHANTAL
CHARLES
CHARO
CHAVA
CHÁVEZ
CHAYO
CHENTE
CHRISTINA
CHRISTINE
CHUY
CIBELES
CINTIA
CIPRIANO
CIRILA
CIRILO
CITLALI
CLARA
CLARENA
CLARITA
CLAUDIA
CLAUDIO
CLEMENTE
CLEMENTINA
CLOTILDE
CONCEPCIÓN
CONCHA
CONRADO
CONSTANTINO
CONSTANZA
CONSUELO
CORDOVA
CORINA
CORNELIA
CORNELIO
COSME
CRECENCIA
CRECENCIO
CRISANTO
CRISOGONO
CRISTAL
CRISTIAN
CRISTINA
CRISTÓBAL
CRUZ
CUAUHTÉMOC
CUCA
CUCO
CUITLÁHUAC
DAFNE
DAGOBERTO
DAIANA
DAISY
DALIA
DALILA
DALMA
DAMACIO
DAMIÁN
DANIEL
DANIELA
DANILO
DANTE
DARÍO
DAVID
DÉBORA
DELFÍN
DELFINA
DELFINO
DELIA
DEMETRIA
DEMETRIO
DENISE
DESIRÉE
DEYANIRA
DIANA
DIBURCIO
DIEGO
DIMAS
DINORAH
DIÓGENES
DIONICIA
DIONICIO
DOLORES
DOMINGA
DOMITILA
DONACIANA
DONACIANO
DONALDO
DONATO
DONNA
DONOVAN
DORA
DORIS
DOROTEA
DOROTEO
DOUGLAS
DULCE
DUNCAN
EDGAR
EDGARDO
EDITH
EDMUNDO
EDNA
EDUARDO
EDURNE
EFRAIN
EFRAÍN
EFRÉN
ELBA
ELENA
ELEONOR
ELEONORA
ELEUTERIA
ELEUTERIO
ELÍ
ELÍAS
ELISEO
ELMER
ELOÍSA
ELOY
ELSA
ELVA
ELVIA
ELVIRA
ELYSIA
EMA
EMANUEL
EMELIA
EMILIA
EMILIANO
EMILIO
EMIR
EMMA
EMMANUEL
ENCARNACIÓN
ENRIQUE
ENRIQUETA
EPIFANÍA
EPIFANIO
EPIGMENIO
ERASMO
ERENDIRA
ERIC
ERICA
ERIKA
ERNESTINA
ERNESTO
ERWIN
ESMERALDA
ESPERANZA
ESPERIDION
ESPERIDIONA
ESPIRIDION
ESTEBAN
ESTEFANÍA
ESTELA
ESTHER
ESTRELLA
ETELFRIDO
ETELVINA
ETHEL
EUGENIA
EUGENIO
EULALIA
EULALIO
EULOGIO
EUNICE
EUSEBIO
EUSTAQUIO
EUTIMIA
EVA
EVANGELINA
EVARISTO
EVELIA
EVELYN
EZEQUIEL
FABIÁN
FABIANA
FABIO
FABIOLA
FABRICIO
FACUNDO
FANNY
FÁTIMA
FAUSTINA
FAUSTINO
FAUSTO
FEDERICA
FEDERICO
FELICIA
FELICIANA
FELICIANO
FELICIDAD
FELICITAS
FELIPA
FELIPE
FELISA
FÉLIX
FELIZ
FERMÍN
FERNANDA
FERNANDO
FIDEL
FIDELINA
FIDENCIO
FILEMÓN
FILIBERTO
FILOMENA
FLAVIA
FLAVIO
FLOR
FLORA
FLORENCIA
FLORENCIO
FLORENTINA
FLORENTINO
FLORINDA
FORTUNATA
FORTUÑO
FRANCIS
FRANCISCA
FRANCISCO
FRANCISCO JAVIER
FRANCO
FRANK
FRANKLIN
FRANZ
FRIDA
GABINA
GABINO
GABRIEL
GABRIELA
GABY
GALINDA
GASTÓN
GEMMA
GENARO
GENOVEVA
GEORGE
GEORGINA
GERALDINA
GERALDO
GERARDO
GERMÁN
GERTRUDIS
GIL
GILBERTO
GILDA
GINA
GIORDANO
GIORGIO
GIOVANNA
GIOVANNI
GISELA
GIULIA
GLADYS
GLENDA
GLORIA
GONZALO
GORDIANO
GRACE
GRACIANO
GRACIELA
GRECIA
GREGORIA
GREGORIO
GRETA
GRICELDA
GRISEL
GUADALUPE
GUIDO
GUILLERMO
GUSTAVO
HANNAH
HASSAN
HÉCTOR
HEIDI
HELEN
HELGA
HELIODO
HELIODORO
HENRY
HERACLIO
HERCULANA
HERCULANO
HERIBERTO
HERLINDA
HERMELINDA
HERMENEGILDO
HERMES
HERMINIA
HERNÁN
HERNANDO
HIGINIO
HILARIA
HILARINO
HILARIO
HILARION
HILDA
HIPOLITO
HIPÓLITO
HIRAM
HITOMI
HOMERO
HONORIO
HORACIO
HORTENCIA
HORTENSIA
HUBERT
HUGO
HUMBERTO
HYDÉE
IAN
IDA
IDALIA
IGNACIA
IGNACIO
IGOR
ILDEFONSO
ILEANA
ILIANA
ILUMINADA
IMELDA
INDALECIO
INÉS
INEZ
INGRID
IRENE
IRIS
IRMA
IRVING
ISAAC
ISABEL
ISABELA
ISAÍAS
ISAIS
ISAURA
ISELA
ISELDA
ISIDORO
ISIDRO
ISIS
ISMAEL
ISRAEL
ITZANAMI
ITZAYANA
ITZEL
IVÁN
IVETT
IVON
IXCA
IXTLILXÓCHITL
IXTLIXÓCHITL
IZCAUTZIN
JACINTA
JACINTO
JACOB
JACOBA
JACOBO
JACQUELINE
JADE
JAIME
JAIR
JAIRO
JAKOB
JAMES
JANE
JAVI
JAVIER
JAVIERA
JAZMÍN
JEAN
JEANETTE
JENARO
JENIFER
JEREMÍAS
JERÓNIMO
JESABEL
JESSICA
JESÚS
JIMENA
JOANA
JOAQUÍN
JOCELIN
JOEL
JOHN
JONATHAN
JORGE
JOSÉ
JOSEFA
JOSEFINA
JOSEO
JOSEPHINE
JOSUE
JOSUÉ
JOVITA
JOYCE
JUAN
JUANA
JUANITA
JUDÁ
JUDAS
JUDITH
JULES
JULIA
JULIÁN
JULIANA
JULIE
JULIETA
JULIO
JUSTA
JUSTIANO
JUSTINA
JUSTINO
JUSTO
JUVENTINA
JUVENTINO
KAREN
KARINA
KARL
KARLA
KATHERINE
KATIA
KEVIN
KIARA
KIMBERLY
KRISTINE
KYRA
LAILA
LALO
LAMBERTO
LARISA
LAURA
LAUREANA
LAURENCE
LAURENT
LAURIANA
LAURIANO
LÁZARO
LEANDRO
LEILA
LENI
LEO
LEOBARDO
LEONA
LEONARDA
LEONARDO
LÉONIDAS
LEÓNIDES
LEONOR
LEOPOLDINA
LEOPOLDO
LEOVA
LETICIA
LIBERTAD
LIBORIO
LICERIO
LIDIA
LIGIA
LILIA
LILIANA
LINA
LINDA
LISA
LISETTE
LIZ
LIZBETH
LLIRIA
LOLA
LORENA
LORENZA
LORENZO
LORETA
LOURDES
LUCAS
LUCERO
LUCÍA
LUCIANA
LUCIANO
LUCILA
LUCILLA
LUCINDA
LUCIO
LUCRECIA
LUIS
LUISA
LULU
LUNA
LUPE
LUPITA
LUZ
LYDIA
MACARENA
MACARIA
MACARIO
MACEDONIA
MACEDONIO
MACLOVIO
MACRINA
MAFALDA
MAGALÍ
MAGDA
MAGDALENA
MAGDALENO
MAGNO
MAGNOLIA
MAIDA
MALENA
MALVINA
MANOLO
MANUEL
MANUELA
MARA
MARCELA
MARCELINA
MARCELINO
MARCELO
MARCIA
MARCO
MARCOS
MARGARITA
MARGARITO
MARI
MARIA
MARÍA
MARIANELA
MARIANGELA
MARIANO
MARIBEL
MARICRUZ
MARIEL
MARIELA
MARILYN
MARINA
MARIO
MARISELA
MARISOL
MARITZA
MARLEN
MARTA
MARTÍN
MARTINA
MARYSOL
MATEO
MATHILDE
MATÍAS
MATILDE
MAURICIO
MAURILIO
MAX
MAXIMA
MAXIMIANA
MAXIMIANO
MAXIMILIANO
MAYA
MAYRA
MELANIE
MELCHOR
MELISA
MELODY
MELQUIADES
MEMO
MERCEDES
MERCURIO
MICAELA
MIGUEL
MILAGROS
MILTON
MIMÍ
MINERVA
MIRANDA
MIREYA
MIRKO
MIRNA
MIROSLAVA
MIRTA
MOCTEZUMA
MODESTA
MODESTO
MOISÉS
MONICA
MÓNICA
MONTSERRAT
MYRNA
NACHO
NADIA
NANCY
NAOMI
NAPOLEÓN
NARCISA
NARCISO
NASARIA
NATACHA
NATALÍ
NATALIA
NATIVIDAD
NAYELI
NELIDA
NELLY
NELSON
NESTOR
NÉSTOR
NESTORA
NETZAHUALCÓYOTL
NEZAHUALCÓYOTL
NICODEMO
NICOLÁS
NICOLASA
NIDIA
NIEVE
NIEVES
NINA
NOÉ
NOEL
NOELIA
NORBERTO
NORMA
NORMAN
NURIVAN
NYDIA
OCTAVIANO
OCTAVIO
OFELIA
OLGA
OLINTA
OLIVERIO
OMAR
ONESÍFORO
ORAZIO
ORLANDO
OSCAR
OSORIO
OSVALDO
OTELO
OVIDIO
PABLO
PACO
PAFNUNCIO
PALOMA
PAMELA
PANCHO
PANCRACIO
PANDORA
PANFILA
PÁNFILO
PANUNCIO
PAOLA
PASCUAL
PASCULA
PASTOR
PATRICIA
PATRICIO
PAULA
PAULINA
PAZ
PEDRO
PENÉLOPE
PEPE
PERFECTO
PERLA
PETRA
PETRONA
PHILIP
PIEDAD
PILAR
PITA
PLACIDA
PLÁCIDO
PLUTARCO
PONCHO
PORFIDIA
PORFIRIO
PRAXEDIS
PRISCILA
PROTASIO
PRUDENCIA
QUINTÍN
QUINTO
QUIRINA
QUIRINO
RAFA
RAFAEL
RAFAELA
RAIMUNDO
RAMIRO
RAMÓN
RAMONA
RANDALL
RANULFO
RAQUEL
RAÚL
RAYMUNDO
REBECA
REFUGIA
REFUGIO
REGINA
REGINO
REINA
REMEDIOS
REMIGIO
RENATA
RENATO
REYNA
REYNALDO
RICARDO
RIGO
RIGOBERTO
RITA
ROBERTA
ROBERTO
ROBIN
ROCIO
ROCÍO
RODOLFO
RODRIGO
ROGELIO
ROGER
ROLANDO
ROMALDO
ROMÁN
ROMN
RÓMULO
RONALDO
ROQUE
ROSA
ROSALBA
ROSALIA
ROSALÍA
ROSALINA
ROSALINDA
ROSALINO
ROSANNA
ROSARIO
ROSAURA
ROSENDO
RUBÉN
RUDY
RUFINA
RUFINO
RUPERTO
RUTH
SABÁS
SABINA
SABINO
SABRINA
SAGRARIO
SALOMÉ
SALOMÓN
SALVADOR
SAMANTA
SAMIRA
SAMUEL
SANDRA
SANDRO
SANTA
SANTIAGO
SANTOS
SARA
SASHA
SATURNINO
SAÚL
SEBASTIÁN
SELENA
SELMA
SENOBIO
SERAFÍN
SERAFINO
SERAPIO
SERAPIÓN
SEREFINA
SEREFINO
SERGIO
SHAKIRA
SHIRLEY
SILVANA
SILVANIO
SILVERIO
SILVESTRE
SILVIA
SILVIANA
SILVINA
SILVIO
SIMÓN
SIMONA
SIPRIANO
SIRO
SISSI
SIXTO
SOCORRO
SÓCRATES
SOFIA
SOFÍA
SOL
SOLEDAD
SONIA
SORAYA
STEFANO
SUSANA
SUZETTE
SYLVIA
TAMARA
TANIA
TATIANA
TELMA
TEO
TEODORA
TEODORO
TEÓFILO
TERESA
TERESO
TEZOZOMOC
THELMA
TIBURCIA
TIBURCIO
TIMOTEO
TINA
TITO
TIZOC
TLATOANI
TOBÍAS
TOMÁS
TOMASA
TOÑA
TONALI
TONANTZIN
TONI
TOÑO
TORIBIO
TRANQUILINA
TRINIDAD
TULIO
UBALDO
UGO
ULISES
URIEL
URSULA
VALENTÍN
VALENTINA
VALERIA
VALERIO
VANESA
VANNESA
VASCO
VELINO
VENERANDA
VENTURA
VENUSTIANO
VERA
VERENICE
VERO
VERONICA
VERÓNICA
VICENTE
VICTOR
VÍCTOR
VICTORIA
VÍCTORIA
VICTORIANO
VIDAL
VILMA
VINICIO
VIOLETA
VIRGINIA
VIVIANA
VLADIMIRO
WALTER
WANDA
WENDY
WILFRED
WILLIAM
WILMER
XAVIER
XENIA
XICOTÉNCATL
XIMENA
XOCHITL
YAMILA
YANINA
YASMIN
YESENIA
YOLANDA
YVES
ZACARÍAS
ZAFIRO
ZAIDA
ZENAIDA
ZENIA
ZENOBIO
ZOE
ZORAIDA
ZULEMA
ZULMA
CHICHARO
CHÍCHARO
abel
abelardo
abelina
abram
acislo
adan
adela
adelaida
adelfina
adelina
adelita
adolfina
adolfo
adrian
adriana
agapito
agripino
agustín
agustina
ahuízotl
aida
ainhoa
aitor
alberta
alberto
alcides
aldo
alejandra
alejandro
alex
álex
alfonso
alfredo
alicia
alida
alma
alonso
altagracia
altamira
álvaro
alvina
amada
amado
amador
amalia
amanda
ambrosio
amelia
amparo
ana
anabel
anacleta
anacleto
anastacia
anastacio
andrea
andrés
anel
angel
angela
angelica
angelina
angelita
angelo
aniceto
anita
anselmo
antonia
antonieta
antonina
antonio
apolinaria
apolinario
apolonio
aquilina
araceli
arcelia
areli
ariel
armando
arnulfo
arqueles
artemio
arturo
asunción
atanacia
atanacio
atenedoro
audencio
aurelia
aureliano
aurelio
aurora
azucena
bacilio
balbina
baldomero
balduino
baltasar
barbara
bárbara
barry
bartolomé
baruc
baruch
basilia
basilio
baudelia
baudelio
bautista
bea
beato
beatriz
begoña
belen
belén
belinda
belisa
belisario
bella
beltrán
benancia
benigno
benilda
benita
benito
benjamín
berenice
bernabé
bernardina
bernardino
bernardo
berta
betina
beto
betsabé
beverly
bibiana
blanca
blas
bolivar
bonifacia
bonifacio
boris
brandon
braulia
braulio
brenda
brigitte
briseida
bruno
bryan
calixto
camelia
camila
camilo
candelaria
candelario
candida
cándida
cándido
canuta
canuto
caridad
carina
carla
carlos
carlota
carmela
carmelo
carmen
carolina
casandra
casilda
casimira
castaño
cástulo
catalina
catarina
catarino
cayetana
cayetano
ceci
cecilia
celeste
celestina
celestino
celia
celina
celma
celso
cenobio
césar
cesáreo
chalino
chamanec
chantal
charles
charo
chava
chávez
chayo
chente
christina
christine
chuy
cibeles
cintia
cipriano
cirila
cirilo
citlali
clara
clarena
clarita
claudia
claudio
clemente
clementina
clotilde
concepción
concha
conrado
constantino
constanza
consuelo
cordova
corina
cornelia
cornelio
cosme
crecencia
crecencio
crisanto
crisogono
cristal
cristian
cristina
cristóbal
cruz
cuauhtémoc
cuca
cuco
cuitláhuac
dafne
dagoberto
daiana
daisy
dalia
dalila
dalma
damacio
damián
daniel
daniela
danilo
dante
darío
david
débora
delfín
delfina
delfino
delia
demetria
demetrio
denise
desirée
deyanira
diana
diburcio
diego
dimas
dinorah
diógenes
dionicia
dionicio
dolores
dominga
domitila
donaciana
donaciano
donaldo
donato
donna
donovan
dora
doris
dorotea
doroteo
douglas
dulce
duncan
edgar
edgardo
edith
edmundo
edna
eduardo
edurne
efrain
efraín
efrén
elba
elena
eleonor
eleonora
eleuteria
eleuterio
elí
elías
eliseo
elmer
eloísa
eloy
elsa
elva
elvia
elvira
elysia
ema
emanuel
emelia
emilia
emiliano
emilio
emir
emma
emmanuel
encarnación
enrique
enriqueta
epifanía
epifanio
epigmenio
erasmo
erendira
eric
erica
erika
ernestina
ernesto
erwin
esmeralda
esperanza
esperidion
esperidiona
espiridion
esteban
estefanía
estela
esther
estrella
etelfrido
etelvina
ethel
eugenia
eugenio
eulalia
eulalio
eulogio
eunice
eusebio
eustaquio
eutimia
eva
evangelina
evaristo
evelia
evelyn
ezequiel
fabián
fabiana
fabio
fabiola
fabricio
facundo
fanny
fátima
faustina
faustino
fausto
federica
federico
felicia
feliciana
feliciano
felicidad
felicitas
felipa
felipe
felisa
félix
feliz
fermín
fernanda
fernando
fidel
fidelina
fidencio
filemón
filiberto
filomena
flavia
flavio
flor
flora
florencia
florencio
florentina
florentino
florinda
fortunata
fortuño
francis
francisca
francisco
franco
frank
franklin
franz
frida
gabina
gabino
gabriel
gabriela
gaby
galinda
gastón
gemma
genaro
genoveva
george
georgina
geraldina
geraldo
gerardo
germán
gertrudis
gil
gilberto
gilda
gina
giordano
giorgio
giovanna
giovanni
gisela
giulia
gladys
glenda
gloria
gonzalo
gordiano
grace
graciano
graciela
grecia
gregoria
gregorio
greta
gricelda
grisel
guadalupe
guido
guillermo
gustavo
hannah
hassan
héctor
heidi
helen
helga
heliodo
heliodoro
henry
heraclio
herculana
herculano
heriberto
herlinda
hermelinda
hermenegildo
hermes
herminia
hernán
hernando
higinio
hilaria
hilarino
hilario
hilarion
hilda
hipolito
hipólito
hiram
hitomi
homero
honorio
horacio
hortencia
hortensia
hubert
hugo
humberto
hydée
ian
ida
idalia
ignacia
ignacio
igor
ildefonso
ileana
iliana
iluminada
imelda
indalecio
inés
inez
ingrid
irene
iris
irma
irving
isaac
isabel
isabela
isaías
isais
isaura
isela
iselda
isidoro
isidro
isis
ismael
israel
itzanami
itzayana
itzel
iván
ivett
ivon
ixca
ixtlilxóchitl
ixtlixóchitl
izcautzin
jacinta
jacinto
jacob
jacoba
jacobo
jacqueline
jade
jaime
jair
jairo
jakob
james
jane
javi
javier
javiera
jazmín
jean
jeanette
jen
jenaro
jenifer
jennifer
jenny
jeremías
jerónimo
jesabel
jessica
jesús
jimena
joana
joaquín
jocelin
joel
john
jonathan
jorge
josé
josefa
josefina
joseo
josephine
josue
josué
jovita
joyce
juan
juan luis
juana
juanita
judá
judas
judith
jules
julia
julián
juliana
julie
julieta
julio
justa
justiano
justina
justino
justo
juventina
juventino
karen
karina
karl
karla
katherine
katia
kevin
kiara
kimberly
kristine
kyra
laila
lalo
lamberto
larisa
laura
laureana
laurence
laurent
lauriana
lauriano
lázaro
leandro
leila
leni
leo
leobardo
leona
leonarda
leonardo
léonidas
leónides
leonor
leopoldina
leopoldo
leova
leticia
libertad
liborio
licerio
lidia
ligia
lilia
liliana
lina
linda
lisa
lisette
liz
lizbeth
lliria
lola
lorena
lorenza
lorenzo
loreta
lourdes
lucas
lucero
lucía
luciana
luciano
lucila
lucilla
lucinda
lucio
lucrecia
luis
luisa
lulu
luna
lupe
lupita
luz
lydia
macarena
macaria
macario
macedonia
macedonio
maclovio
macrina
mafalda
magalí
magda
magdalena
magdaleno
magno
magnolia
maida
malena
malvina
manolo
manuel
manuela
mara
marcela
marcelina
marcelino
marcelo
marcia
marco
marcos
margarita
margarito
mari
maria
maría
marianela
mariangela
mariano
maribel
maricruz
mariel
mariela
marilyn
marina
mario
marisela
marisol
maritza
marlen
marta
martín
martina
marysol
mateo
mathilde
matías
matilde
mauricio
maurilio
max
maxima
maximiana
maximiano
maximiliano
maya
mayra
melanie
melchor
melisa
melody
melquiades
memo
mercedes
mercurio
micaela
miguel
milagros
milton
mimí
minerva
miranda
mireya
mirko
mirna
miroslava
mirta
moctezuma
modesta
modesto
moisés
monica
mónica
montserrat
myrna
nacho
nadia
nancy
naomi
napoleón
narcisa
narciso
nasaria
natacha
natalí
natalia
natividad
nayeli
nelida
nelly
nelson
nestor
néstor
nestora
netzahualcóyotl
nezahualcóyotl
nicodemo
nicolás
nicolasa
nidia
nieve
nieves
nina
noé
noel
noelia
norberto
norma
norman
nurivan
nydia
octaviano
octavio
ofelia
olga
olinta
oliverio
omar
onesíforo
orazio
orlando
oscar
osorio
osvaldo
otelo
ovidio
pablo
paco
pafnuncio
paloma
pamela
pancho
pancracio
pandora
panfila
pánfilo
panuncio
paola
pascual
pascula
pastor
patricia
patricio
paula
paulina
paz
pedro
penélope
pepe
perfecto
perla
petra
petrona
philip
piedad
pilar
pita
placida
plácido
plutarco
poncho
porfidia
porfirio
praxedis
priscila
protasio
prudencia
quintín
quinto
quirina
quirino
rafa
rafael
rafaela
raimundo
ramiro
ramón
ramona
randall
ranulfo
raquel
raúl
raymundo
rebeca
refugia
refugio
regina
regino
reina
remedios
remigio
renata
renato
reyna
reynaldo
ricardo
rigo
rigoberto
rita
roberta
roberto
robin
rocio
rocío
rodolfo
rodrigo
rogelio
roger
rolando
romaldo
román
romn
rómulo
ronaldo
roque
rosa
rosalba
rosalia
rosalía
rosalina
rosalinda
rosalino
rosanna
rosario
rosaura
rosendo
rubén
rudy
rufina
rufino
ruperto
ruth
sabás
sabina
sabino
sabrina
sagrario
salomé
salomón
salvador
samanta
samira
samuel
sandra
sandro
santa
santiago
santos
sara
sasha
saturnino
saúl
sebastián
selena
selma
senobio
serafín
serafino
serapio
serapión
serefina
serefino
sergio
shakira
shirley
silvana
silvanio
silverio
silvestre
silvia
silviana
silvina
silvio
simón
simona
sipriano
siro
sissi
sixto
socorro
sócrates
sofia
sofía
sol
soledad
sonia
soraya
stefano
susana
suzette
sylvia
tamara
tania
tatiana
telma
teo
teodora
teodoro
teófilo
teresa
tereso
tezozomoc
thelma
tiburcia
tiburcio
timoteo
tina
tito
tizoc
tlatoani
tobías
tomás
tomasa
toña
tonali
tonantzin
toni
toño
toribio
tranquilina
trinidad
tulio
ubaldo
ugo
ulises
uriel
ursula
valentín
valentina
valeria
valerio
vanesa
vannesa
vasco
velino
veneranda
ventura
venustiano
vera
verenice
vero
veronica
verónica
vicente
victor
víctor
victoria
víctoria
victoriano
vidal
vilma
vinicio
violeta
virginia
viviana
vladimiro
walter
wanda
wendy
wilfred
william
wilmer
xavier
xenia
xicoténcatl
ximena
xochitl
yamila
yanina
yasmin
yesenia
yolanda
yves
zacarías
zafiro
zaida
zenaida
zenia
zenobio
zoe
zoraida
zulema
zulma
chicharo
chícharo
Abel
Abelardo
Abelina
Abram
Acislo
Adan
Adela
Adelaida
Adelfina
Adelina
Adelita
Adolfina
Adolfo
Adrian
Adriana
Agapito
Agripino
Agustín
Agustina
Ahuízotl
Aida
Ainhoa
Aitor
Alberta
Alberto
Alcides
Aldo
Alejandra
Alejandro
Alex
Alfonso
Alfredo
Alicia
Alida
Alma
Alonso
Altagracia
Altamira
Álvaro
Alvina
Amada
Amado
Amador
Amalia
Amanda
Ambrosio
Amelia
Amparo
Ana
Anabel
Anacleta
Anacleto
Anastacia
Anastacio
Andrea
Andrés
Anel
Angel
Angela
Angelica
Angelina
Angelita
Angelo
Aniceto
Anita
Anselmo
Antonia
Antonieta
Antonina
Antonio
Apolinaria
Apolinario
Apolonio
Aquilina
Araceli
Arcelia
Areli
Ariel
Armando
Arnulfo
Arqueles
Artemio
Arturo
Asunción
Atanacia
Atanacio
Atenedoro
Audencio
Aurelia
Aureliano
Aurelio
Aurora
Azucena
Bacilio
Balbina
Baldomero
Balduino
Baltasar
Barbara
Bárbara
Barry
Bartolomé
Baruc
Baruch
Basilia
Basilio
Baudelia
Baudelio
Bautista
Beato
Beatriz
Begoña
Belen
Belén
Belinda
Belisa
Belisario
Bella
Beltrán
Benancia
Benigno
Benilda
Benita
Benito
Benjamín
Berenice
Bernabé
Bernardina
Bernardino
Bernardo
Berta
Betina
Beto
Betsabé
Beverly
Bibiana
Blanca
Blas
Bolivar
Bonifacia
Bonifacio
Boris
Brandon
Braulia
Braulio
Brenda
Brigitte
Briseida
Bruno
Bryan
Calixto
Camelia
Camila
Camilo
Candelaria
Candelario
Candida
Cándida
Cándido
Canuta
Canuto
Caridad
Carina
Carla
Carlos
Carlota
Carmela
Carmelo
Carmen
Carolina
Casandra
Casilda
Casimira
Castaño
Cástulo
Catalina
Catarina
Catarino
Cayetana
Cayetano
Ceci
Cecilia
Celeste
Celestina
Celestino
Celia
Celina
Celma
Celso
Cenobio
César
Cesáreo
Chalino
Chamanec
Chantal
Charles
Charo
Chava
Chávez
Chayo
Chente
Christina
Christine
Chuy
Cibeles
Cintia
Cipriano
Cirila
Cirilo
Citlali
Clara
Clarena
Clarita
Claudia
Claudio
Clemente
Clementina
Clotilde
Concepción
Concha
Conrado
Constantino
Constanza
Consuelo
Cordova
Corina
Cornelia
Cornelio
Cosme
Crecencia
Crecencio
Crisanto
Crisogono
Cristal
Cristian
Cristina
Cristóbal
Cruz
Cuauhtémoc
Cuca
Cuco
Cuitláhuac
Dafne
Dagoberto
Daiana
Daisy
Dalia
Dalila
Dalma
Damacio
Damián
Daniel
Daniela
Danilo
Dante
Darío
David
Débora
Delfín
Delfina
Delfino
Delia
Demetria
Demetrio
Denise
Desirée
Deyanira
Diana
Diburcio
Diego
Dimas
Dinorah
Diógenes
Dionicia
Dionicio
Dolores
Dominga
Domitila
Donaciana
Donaciano
Donaldo
Donato
Donna
Donovan
Dora
Doris
Dorotea
Doroteo
Douglas
Dulce
Duncan
Edgar
Edgardo
Edith
Edmundo
Edna
Eduardo
Edurne
Efrain
Efraín
Efrén
Elba
Elena
Eleonor
Eleonora
Eleuteria
Eleuterio
Elí
Elías
Eliseo
Elmer
Eloísa
Eloy
Elsa
Elva
Elvia
Elvira
Elysia
Ema
Emanuel
Emelia
Emilia
Emiliano
Emilio
Emir
Emma
Emmanuel
Encarnación
Enrique
Enriqueta
Epifanía
Epifanio
Epigmenio
Erasmo
Erendira
Eric
Erica
Erika
Ernestina
Ernesto
Erwin
Esmeralda
Esperanza
Esperidion
Esperidiona
Espiridion
Esteban
Estefanía
Estela
Esther
Estrella
Etelfrido
Etelvina
Ethel
Eugenia
Eugenio
Eulalia
Eulalio
Eulogio
Eunice
Eusebio
Eustaquio
Eutimia
Eva
Evangelina
Evaristo
Evelia
Evelyn
Ezequiel
Fabián
Fabiana
Fabio
Fabiola
Fabricio
Facundo
Fanny
Fátima
Faustina
Faustino
Fausto
Federica
Federico
Felicia
Feliciana
Feliciano
Felicidad
Felicitas
Felipa
Felipe
Felisa
Félix
Feliz
Fermín
Fernanda
Fernando
Fidel
Fidelina
Fidencio
Filemón
Filiberto
Filomena
Flavia
Flavio
Flor
Flora
Florencia
Florencio
Florentina
Florentino
Florinda
Fortunata
Fortuño
Francis
Francisca
Francisco
Franco
Frank
Franklin
Franz
Frida
Gabina
Gabino
Gabriel
Gabriela
Gaby
Galinda
Gastón
Gemma
Genaro
Genoveva
George
Georgina
Geraldina
Geraldo
Gerardo
Germán
Gertrudis
Gil
Gilberto
Gilda
Gina
Giordano
Giorgio
Giovanna
Giovanni
Gisela
Giulia
Gladys
Glenda
Gloria
Gonzalo
Gordiano
Grace
Graciano
Graciela
Grecia
Gregoria
Gregorio
Greta
Gricelda
Grisel
Guadalupe
Guido
Guillermo
Gustavo
Hannah
Hassan
Héctor
Heidi
Helen
Helga
Heliodo
Heliodoro
Henry
Heraclio
Herculana
Herculano
Heriberto
Herlinda
Hermelinda
Hermenegildo
Hermes
Herminia
Hernán
Hernando
Higinio
Hilaria
Hilarino
Hilario
Hilarion
Hilda
Hipolito
Hipólito
Hiram
Hitomi
Homero
Honorio
Horacio
Hortencia
Hortensia
Hubert
Hugo
Humberto
Hydée
Ian
Ida
Idalia
Ignacia
Ignacio
Igor
Ildefonso
Ileana
Iliana
Iluminada
Imelda
Indalecio
Inés
Inez
Ingrid
Irene
Iris
Irma
Irving
Isaac
Isabel
Isabela
Isaías
Isais
Isaura
Isela
Iselda
Isidoro
Isidro
Isis
Ismael
Israel
Itzanami
Itzayana
Itzel
Iván
Ivett
Ivon
Ixca
Ixtlilxóchitl
Ixtlixóchitl
Izcautzin
Jacinta
Jacinto
Jacob
Jacoba
Jacobo
Jacqueline
Jade
Jaime
Jair
Jairo
Jakob
James
Jane
Javier
Javiera
Jazmín
Jean
Jeanette
Jenaro
Jenifer
Jennifer
Jenny
Jen
Jeremías
Jerónimo
Jesabel
Jessica
Jesús
Jimena
Joana
Joaquín
Jocelin
Joel
John
Jonathan
Jorge
José
Josefa
Josefina
Joseo
Josephine
Josue
Josué
Jovita
Joyce
Juan
Juan Luis
juan luis
Juan luis
Juana
Juanita
Judá
Judas
Judith
Jules
Julia
Julián
Juliana
Julie
Julieta
Julio
Justa
Justiano
Justina
Justino
Justo
Juventina
Juventino
Karen
Karina
Karl
Karla
Katherine
Katia
Kevin
Kiara
Kimberly
Kristine
Kyra
Laila
Lalo
Lamberto
Larisa
Laura
Laureana
Laurence
Laurent
Lauriana
Lauriano
Lázaro
Leandro
Leila
Leni
Leo
Leobardo
Leona
Leonarda
Leonardo
Léonidas
Leónides
Leonor
Leopoldina
Leopoldo
Leova
Leticia
Libertad
Liborio
Licerio
Lidia
Ligia
Lilia
Liliana
Lina
Linda
Lisa
Lisette
Liz
Lizbeth
Lliria
Lola
Lorena
Lorenza
Lorenzo
Loreta
Lourdes
Lucas
Lucero
Lucía
Luciana
Luciano
Lucila
Lucilla
Lucinda
Lucio
Lucrecia
Luis
Luisa
Lulu
Luna
Lupe
Lupita
Luz
Lydia
Macarena
Macaria
Macario
Macedonia
Macedonio
Maclovio
Macrina
Mafalda
Magalí
Magda
Magdalena
Magdaleno
Magno
Magnolia
Maida
Malena
Malvina
Manolo
Manuel
Manuela
Mara
Marcela
Marcelina
Marcelino
Marcelo
Marcia
Marco
Marcos
Margarita
Margarito
Mari
Maria
María
Marianela
Mariangela
Mariano
Maribel
Maricruz
Mariel
Mariela
Marilyn
Marina
Mario
Marisela
Marisol
Maritza
Marlen
Marta
Martín
Martina
Marysol
Mateo
Mathilde
Matías
Matilde
Mauricio
Maurilio
Max
Maxima
Maximiana
Maximiano
Maximiliano
Maya
Mayra
Melanie
Melchor
Melisa
Melody
Melquiades
Memo
Mercedes
Mercurio
Micaela
Miguel
Milagros
Milton
Mimí
Minerva
Miranda
Mireya
Mirko
Mirna
Miroslava
Mirta
Moctezuma
Modesta
Modesto
Moisés
Monica
Mónica
Montserrat
Myrna
Nacho
Nadia
Nancy
Naomi
Napoleón
Narcisa
Narciso
Nasaria
Natacha
Natalí
Natalia
Natividad
Nayeli
Nelida
Nelly
Nelson
Nestor
Néstor
Nestora
Netzahualcóyotl
Nezahualcóyotl
Nicodemo
Nicolás
Nicolasa
Nidia
Nieve
Nieves
Nina
Noé
Noel
Noelia
Norberto
Norma
Norman
Nurivan
Nydia
Octaviano
Octavio
Ofelia
Olga
Olinta
Oliverio
Omar
Onesíforo
Orazio
Orlando
Oscar
Osorio
Osvaldo
Otelo
Ovidio
Pablo
Paco
Pafnuncio
Paloma
Pamela
Pancho
Pancracio
Pandora
Panfila
Pánfilo
Panuncio
Paola
Pascual
Pascula
Pastor
Patricia
Patricio
Paula
Paulina
Paz
Pedro
Penélope
Pepe
Perfecto
Perla
Petra
Petrona
Philip
Piedad
Pilar
Pita
Placida
Plácido
Plutarco
Poncho
Porfidia
Porfirio
Praxedis
Priscila
Protasio
Prudencia
Quintín
Quinto
Quirina
Quirino
Rafa
Rafael
Rafaela
Raimundo
Ramiro
Ramón
Ramona
Randall
Ranulfo
Raquel
Raúl
Raymundo
Rebeca
Refugia
Refugio
Regina
Regino
Reina
Remedios
Remigio
Renata
Renato
Reyna
Reynaldo
Ricardo
Rigo
Rigoberto
Rita
Roberta
Roberto
Robin
Rocio
Rocío
Rodolfo
Rodrigo
Rogelio
Roger
Rolando
Romaldo
Román
Romn
Rómulo
Ronaldo
Roque
Rosa
Rosalba
Rosalia
Rosalía
Rosalina
Rosalinda
Rosalino
Rosanna
Rosario
Rosaura
Rosendo
Rubén
Rudy
Rufina
Rufino
Ruperto
Ruth
Sabás
Sabina
Sabino
Sabrina
Sagrario
Salomé
Salomón
Salvador
Samanta
Samira
Samuel
Sandra
Sandro
Santa
Santiago
Santos
Sara
Sasha
Saturnino
Saúl
Sebastián
Selena
Selma
Senobio
Serafín
Serafino
Serapio
Serapión
Serefina
Serefino
Sergio
Shakira
Shirley
Silvana
Silvanio
Silverio
Silvestre
Silvia
Silviana
Silvina
Silvio
Simón
Simona
Sipriano
Siro
Sissi
Sixto
Socorro
Sócrates
Sofia
Sofía
Sol
Soledad
Sonia
Soraya
Stefano
Susana
Suzette
Sylvia
Tamara
Tania
Tatiana
Telma
Teo
Teodora
Teodoro
Teófilo
Teresa
Tereso
Tezozomoc
Thelma
Tiburcia
Tiburcio
Timoteo
Tina
Tito
Tizoc
Tlatoani
Tobías
Tomás
Tomasa
Toña
Tonali
Tonantzin
Toni
Toño
Toribio
Tranquilina
Trinidad
Tulio
Ubaldo
Ugo
Ulises
Uriel
Ursula
Valentín
Valentina
Valeria
Valerio
Vanesa
Vannesa
Vasco
Velino
Veneranda
Ventura
Venustiano
Vera
Verenice
Vero
Veronica
Verónica
Vicente
Victor
Víctor
Victoria
Víctoria
Victoriano
Vidal
Vilma
Vinicio
Violeta
Virginia
Viviana
Vladimiro
Walter
Wanda
Wendy
Wilfred
William
Wilmer
Xavier
Xenia
Xicoténcatl
Ximena
Xochitl
Yamila
Yanina
Yasmin
Yesenia
Yolanda
Yves
Zacarías
Zafiro
Zaida
Zenaida
Zenia
Zenobio
Zoe
Zoraida
Zulema
Zulma
Chicharo
Chícharo

