Avenida Presidente Masaryk
Av. Presidente Masaryk
Avenida de los Insurgentes
Av. Insurgentes
Av. de los Insurgentes
Insurgentes
Insurgentes Norte
Insurgentes Sur
Paseo de la Reforma
Reforma
Calle Francisco I. Madero
Francisco I. Madero
Avenida 20 de Noviembre.
Av. 20 de Noviembre.
Calle 5 de Mayo
5 de Mayo
Circuito Interior
Río Churubusco
Río Consulado
Eje central Lázaro Cárdenas
Eje Central Lázaro Cárdenas
Eje Central
Avenida Juárez
Av. Juárez
Calzada México-Tacuba
Puente de Alvarado.
Avenida Hidalgo
Av. Hidalgo
Avenida Juárez
Av. Juárez
Calzada Ignacio Zaragoza.
Boulevard Manuel Ávila Camacho
Anillo Periférico Norte
Periférico Norte
Periférico Sur
Periférico
Avenida Revolución
Av. Revolución
Avenida Patriotismo
Av. Patriotismo
Avenida Universidad
Av. Universidad
Universidad
Avenida Felix Cuevas
Av. Felix Cuevas
Felix Cuevas
Avenida de los Constituyentes
Av. de los Constituyentes
Constituyentes
Calzada Ermita-Iztapalapa.
Viaducto Miguel Alemán Valdés
Viaducto Miguel Alemán
Viaducto
Calzada de Tlalpan
Tlalpan
Calzada de los Misterios
Calzada de Guadalupe
Avenida Congreso de la Unión
Av. Congreso de la Unión
Avenida Fray Servando Teresa de Mier
Av. Fray Servando Teresa de Mier
Fray Servando
Av. Izazaga
Av. Arcos de Belem
Av. Chapultepec
Avenida Chapultepec
Av. Dr. Río de la Loza
autopista México - Toluca
