3M
7-Eleven
ABN AMRO
AMG
Acerinox
Acindar
Adidas
Administración Nacional de Combustibles, Alcohol y Portland
Advanced Micro Devices
Aegis Group plc
Aeropuertos Argentina 2000
Agfa Gevaert
Alcampo
Alcatel-Lucent
Aldi
Allianz
Almacenes Éxito
Alpine
Altadis
Alvarion
Amstel
Analog Devices
Antofagasta PLC
Apple Macintosh
Applus+
Arcelor
Arcor
Arena
Ascaron
Asea Brown Boveri
Auchan
Avaya
Avira
BASF
BSH
Banco de Santander
Banmédica
Baring Brothers
Barrick Gold
Bay Networks
Bayer
Beechcraft
Bodegas Torres
Robert Bosch GmbH
Brembo
Burger King
C&A
CGE
CIGNA
CMR Falabella
Cadbury Schweppes
Cannon
Carl's Jr.
Carozzi
Carrefour
Catalana Occidente
Cemex
Cencosud
Cervecería 100 Montaditos
Chedraui
Banco de Chile
Chili's
Cinemark
Cinemark Colombia
Cisco Systems
City Market
Clariant
Colgate-Palmolive
Comercial Mexicana
Comodo
Compañía Holandesa de las Indias Orientales
Compañía Sudamericana de Vapores
Compañía danesa de las Indias Orientales
Compañía de Cervecerías Unidas
Compañía de Petróleos de Chile
Compañía extraterritorial
Concha y Toro
Cooperativa Nacional de Productores de Leche
Corona
Crisis Control Group
Crédito y Caución
Cubika
Danone
Decathlon (empresa)
Deloitte
Deutsche Bank
Domino's pizza
Dos en Uno
Dow Chemical Company
Drägerwerk
DuPont
E.ON
EMI
Easy S.A.
Efes Beverage Group
Electro-Motive Diesel
Electronic Arts
Embotelladora Andina
Empresas Ripley
Endesa
Energizer
Entel Chile
Ericsson
Eurofighter GmbH
Exalead
FEMSA
FORE Systems
Falabella
Farmacias Ahumada
Fininvest
Fonterra
Gallina Blanca
Gas Natural
Gaz de France
General Electric
General Motors
Google
Grifols
Grupo Bimbo
Grupo Claro
Grupo Ibope
Grupo Luksic
Grupo PRISA
Grupo Planeta
Grupo Santander
Grupo Telefónica
Grupo Volkswagen
Grupo Zeta
H&M
HSBC
Holcim
Home Depot
Homecenter Sodimac
Honda Motor Co., Ltd.
Hyundai Heavy Industries
IKEA
Ideal Toy Company
Indesit
Inditex
Indura
Industria Azucarera Nacional
Intel Corporation
Italcementi
ITT Corporation
JVC
KFC
KUKA
Kellogg
Kelme
Kodak
LAN Airlines
LAN Courier
LGAI
LaNetro Zed
Laureate Education Inc.
Lavasoft
Lenovo
El Puerto de Liverpool
Ljubetic
Lloyds TSB
Lucchetti
Lush
MAPFRE
Romano's Macaroni Grill
Makro
Mango
Martini Rossi
Matsushita
Mercedes-Benz
Micro-Star International
Micron Technology
Microsoft
Microsoft Corporation
Monsanto
NEC Corporation
Natra
Nestlé
News Corporation
Nivea
Norte
Novartis
Novell
Osram
Pacific Steam Navigation Company
Packard Bell
El Palacio de Hierro
Panda Security
Parque Arauco
Petrobras
Philips
Telefonica
