African Observer
Al Día
Diario de América
The Baltimore Sun
Bohemio News
Christian Science Monitor
El Clamor
El Continental
Creative Loafing
Daily Worker
The Dallas Morning News
Dallas Observer
El Diario La Prensa
Diario Las Américas
El Día
El Latino
La Estrella
Diario La Estrella
Florida Times-Union
Dos Mundos
El Hispano News
Hoy Nueva York
El Hispano
Hispanos Unidos
Homer News
Homer Tribune
El Imparcial
ImpreMedia
Liberty
Los Angeles Times
El Mensajero
Monitor Hispano
El Mundo Boston
El Mundo
National Enquirer
New York Herald
New York Post
The New York Times
New York Tribune
New York World
Noticia Hispanoamericana
El Nuevo Día Orlando
El Nuevo Herald
El Observador
La Opinión
Prensa Hispana
La Prensa de San Diego
La Prensa
El Progreso Hispano
San Francisco Examiner
El Sol News
El Sol de Texas
El Sol de la Florida
The Tech
The Atlanta Journal-Constitution
The Augusta Chronicle
The Daily Graphic
The National Enquirer
Vida latina
El Vocero Hispano
El Vocero Hispano, Inc.
La Voz Independiente
La Voz
The Wall Street Journal
Washington Hispanic
The Washington Post