ir al cine
ir al parque
ir al centro comercial
ir al cc
ir al museo
ir a un bar
ir a tomar algo
ir a tomar una copa
ir a tomar unas cerves
ir a tomar unas cervezas
ir a tomar un algo
ir a ver una peli
ir a ver una pelicula
ir a ver una película
jugar al futbol
jugar al fútbol
jugar al basket
jugar al baloncento
jugar al tenis
programar
conocer gente
conocer gente nueva
montar en bici
montar en bicicleta
montar a caballo
pasear
pasear por la calle
ir a un museo
ir al museo
ir a un concierto
ir al karaoke
cantar
bailar
ir a la disco
ir a la discoteca
ir de tiendas
ir de compras
ir a comprar
ir a la tienda
desayunar
tomar el aperitivo
tomar un cafe
tomar un café
comer
merendar
cenar
acampar
visitar
dar un paseo
ayudar
colaborar
esquiar
ir al planetario
ir a un starbucks
ir a un Starbucks
ir al starbucks
ir al Starbucks
ir a la warner
ir a la Warner
ir al aquopolis
ir al Aquopolis
ir al aquópolis
ir al Aquópolis
jugar al ping pong
jugar al pingpong
jugar al padel
jugar al pádel
jugar al badminton
jugar al rugby
futbol americano
ir de picnic
ver una pelicula
ir al campo
correr una maraton
correr una maratón
correr la maraton
correr la maratón
patinar sobre hielo
ir a patinar sobre hielo
ir al zoo
ir a faunia
ir al rastro