academia
administración
agencia
agrupación
alianza
asamblea
asociación
ayuntamiento
banco
banda
bando
biblioteca
cadena
cámara
campus
canal
centro
circo
clan
club
cobla
colegio
comando
comandancia
comisaría
comisión
comité
comités
compañía
compañías
comunidad
comunidades
concejalía
confederación
confederaciones
congregación
congreso
conjunto
consejería
consejo
conservatorio
consorcio
cooperativa
coral
coro
corporación
cuarteto
departamento
delegación
diario
diputación
dirección
editorial
ediciones
editores
ejército
embajada
emisora
empresa
equipo
escuela
estado
fábrica
facción
factoría
facultad
falange
federación
financiera
firma
fiscalía
frente
fundación
gobierno
grupo
grupo guerrillero
guerrilla
hermandad
holding
hospital
iglesia
industria
institución
instituto
jefatura
junta
juventud
juzgado
liga
logia
magacín
magazín
magazine
ministerio
multinacional
museo
oficina
orden
orfeón
organismo
organización
organizador
organizadora
organo
órgano
orquesta
parlamento
partido
patronato
periódico
plataforma
policía
presidencia
productor
productora
promotor
promotora
quinteto
radio
revista
secretaría
senado
sindicato
sociedad
sucursal
telefónica
televisión
tribunal
trío
unidad
unión
universidad
