Abengoa
Acciona Trasmediterránea
Actividades de Construcción y Servicios
Acuerdo de Suministro Provisional de Infraestructura de Red
Afinsa
Alfa
Aligestión
Altos Hornos de Vizcaya
Applus+
Artiach
Ascare
Asociación Multisectorial de Empresas Españolas de Electrónica y Comunicaciones
BH
BRB Internacional
Balay
Banco Bilbao Vizcaya Argentaria
Banco Castellano
Banco de Barcelona
Benitorre
Blusens
Bodegas Torres
Bolsas y Mercados Españoles
Buquebus
Centro Especial de Integración Audiovisual y Formación
CIGNA
Casino Gran Madrid
Cintra
Ciudad de la Luz
Corporación Financiera Alba
Cristalería Española
Círculo de Lectores
Dinamic Multimedia
Dinópolis
E. N. Bazán
EGANET
ENSIDESA
El Bulli
El Ranchito
Empresa Nacional de Celulosas de España
Usuario Discusión:Manuel Trujillo Berges/Bodegas Torres
Endesa
Energy Sistem Soyntec
Ente público empresarial
Estibarna
Everis
Exelweiss Entertainment
FON
Fernando A. de Terry, S.A.
Ferroatlántica
Filmófono
Flumotion
Fomento de Construcciones y Contratas, S.A.
Fred. Olsen Express
Fremap
Fórum Filatélico
G.A.C.
GECA
Galerías Preciados
Girbau
Grupo Audiovisual de Medios de Producción
Grupo Eulen
Grupo G+J España
Grupo Santander
ISOTROL
Iberdrola
Iberdrola Renovables
Iberia L.A.E.
Ibersontel
Idealista.com
Indra Sistemas
Industria de Turbo Propulsores
InfoJobs.net
Infonomía
Ingeteam
Interim Aire
Izar
Jandilla
LGAI
La Casera
La Fageda Sociedad Cooperativa
LaNetro Zed
Lantek
Lina Bocardi
Loewe
Lool
Madrid Rock
Manga Films
Banca Masavéu
Mentopia
Mercado de Futuros del Aceite de Oliva
Mercadona
Minero Siderúrgica de Ponferrada
Mushroom Pillow
Nacional G
Naturhouse
Navantia
OSSA
Oasyssoft
Oficina de Justificación de la Difusión
Grupo Osborne
Solán de Cabras
Ozú
Transportes PESA
PTR López Soriano
Pacha
Private Media Group
ProEixample
Produban
Prosegur
Puleva Biotech
Pyro Studios
RIU Hotels
Rieju
Rumasa
Sanitas
Scaffolding Systems
Selecta Visión
Seur
Simon, S.A.
Sociedad Española de Construcción Naval
Sociedad Estatal Correos y Telégrafos
Sociedad Estatal de Participaciones Industriales
Sociedad de Tasación
Solaria Energía y Medio Ambiente
Starlux
TRAGSA
Telefónica
Telefónica Publicidad e Información
Telepizza
Thales Alenia Space España
The Phone House
BBDO
Top 30 Rocódromos S.L.
Unipublic
Banco de Valencia
Viajes Iberia
Viajes Marsans
Vistalegre, Suministro Integral a Oficinas
Xuitec
