ALMA de México
Aero California
Aeromar
Aeroméxico
Aeroméxico Connect
Aviacsa
Avolar
Aero California
Aeromar
Aeroméxico
Aeroméxico Connect
Aviacsa
Avolar
Aéreo Calafia
Aéreo Servicio Guerrero
Click Mexicana
Destinos Mexicana
Estafeta Carga Aérea
Global Air
Interjet
Líneas Aéreas Azteca
Magnicharters
Mas Air
Mexicana de Aviación
TAESA
Viva Aerobus
Volaris
Bancos de México
Discográficas de México
Empresas de telecomunicaciones de México
Empresas de transporte de México
Grupo Salinas
Accel
Acciones y Valores de México
Actinver
Alestra
Alfa
Alsea
Altos Hornos de México
Ánima Estudios
Argos Comunicación
Audiomaster 3000
Axtel
Grupo Financiero Banamex
Grupo Banamex
Banamex
BBVA Bancomer
Grupo Financiero Banorte
COMEX
CUDI
Cablevisión
Caminos y Puentes Federales
Casa ley
Cemex
Cervecería Cuauhtémoc Moctezuma
Chedraui
Chili's
Cilantro y su exportacion hacia Estados Unidos
Cinépolis
City Market
Claudio Rocco
Comercial Mexicana
Comisión Federal de Electricidad
Complejo Chicontepec
Coppel
Cruz Roja
Cruz Roja Mexicana
Diesel Nacional
Discos Peerless
Farmacia Guadalajara
Ferrocarril Chihuahua al Pacífico
Ferrocarriles Nacionales de México
Ferrovalle
Flextronics
Gamesa Galletera
Supermercados Gigante
Grupo Bal
Grupo Carso
Grupo Elektra
Grupo Industrial Saltillo
Grupo Júmex
Grupo México
Grupo Modelo
Grupo Salinas
Grupo Televisa
IUSA
Inbursa
Industrias Peñoles
Iusacell
Kansas City Southern de México
Kimberly-Clark de México
LOB
El Puerto de Liverpool
Luz y Fuerza del Centro
Romano's Macaroni Grill
Megacable
Moto Islo
Omnilife
Oxxo
El Palacio de Hierro
Pascual Boing
Petróleos Mexicanos
Promotora Musical
SANLUIS Rassini
SKY
Sabritas
Sanborn Hermanos
Sears Roebuck
Selther
Organización Soriana
Sosa Texcoco
Tatei
Telefónica de México
Televisa
Telmex
Tenaris
Ternium
Towers Entertaiment
Tren Suburbano del Valle de México
