Angola
Argelia
Benín
Botsuana
Burkina Faso
Burundi
Cabo Verde
Camerún
Chad
Comoras
Costa de Marfil
Egipto
Eritrea
Etiopía
Gabón
Gambia
Ghana
Guinea
Guinea Ecuatorial
Guinea-Bissáu
Kenia
Lesoto
Liberia
Libia
Madagascar
Malawi
Malí
Marruecos
Mauricio
Mauritania
Mozambique
Namibia
Nigeria
Níger
Puntland
República Centroafricana
República Democrática del Congo
Canadá
Estados Unidos
Groenlandia
México
Belice
Costa Rica
El Salvador
Guatemala
Honduras
Nicaragua
Panamá
Argentina
Bolivia
Brasil
Chile
Colombia
Ecuador
Guyana
Paraguay
Perú
Surinam
Uruguay
Venezuela
Antigua y Barbuda
Antillas Neerlandesas
Aruba
Bahamas
Barbados
Cuba
Dominica
Granada
Guadalupe
Haití
Jamaica
Puerto Rico
República Dominicana
San Cristóbal y Nieves
San Vicente y las Granadinas
Santa Lucía
Trinidad y Tobago
Islas Vírgenes de los Estados Unidos
Afganistán
Arabia Saudita
Armenia
Azerbaiyán
Bahréin
Bangladesh
Brunei
Bután
Camboya
China
Corea
Corea del Norte
Corea del Sur
Emiratos Árabes Unidos
Filipinas
Georgia
Imperio Ruso
India
Indonesia
Iraq
Irán
Israel
Japón
Jordania
Kazajstán
Kirguistán
Kuwait
Laos
Líbano
Malasia
Maldivas
Mongolia
Myanmar
Nepal
Omán
Pakistán
Palestina
Qatar
Rusia
Singapur
Siria
Sri Lanka
Tailandia
Taiwán
Tayikistán
Timor Oriental
Turkmenistán
Turquía
Uzbekistán
Vietnam
Yemen
Albania
Alemania
Andorra
Austria
Bélgica
Bielorrusia
Bosnia-Herzegovina
Bulgaria
Chipre
Ciudad del Vaticano
Croacia
Dinamarca
Eslovaquia
Eslovenia
España
Estonia
Finlandia
Francia
Grecia
Hungría
Imperio Ruso
Irlanda
Islandia
Italia
Letonia
Liechtenstein
Lituania
Luxemburgo
Macedonia
Malta
Moldavia
Montenegro
Mónaco
Noruega
Países Bajos
Polonia
Portugal
Reino Unido
República Checa
Rumania
Rusia
San Marino
Serbia
Suecia
Suiza
Turquía
Ucrania
Australia
Estados Federados de Micronesia
Fiyi
Islas Marshall
Islas Salomón
Kiribati
Nauru
Niue
Nueva Caledonia
Nueva Zelanda
Palau
Papúa Nueva Guinea
Polinesia Francesa
Samoa
Tokelau
Tonga
Tuvalu
Vanuatu
Wallis y Futuna
